// Jest Snapshot v1, https://goo.gl/fbAQLP

exports[`should render correctly 1`] = `
ShallowWrapper {
  "length": 1,
  Symbol(enzyme.__root__): [Circular],
  Symbol(enzyme.__unrendered__): <Landing />,
  Symbol(enzyme.__renderer__): Object {
    "batchedUpdates": [Function],
    "getNode": [Function],
    "render": [Function],
    "simulateEvent": [Function],
    "unmount": [Function],
  },
  Symbol(enzyme.__node__): Object {
    "instance": null,
    "key": undefined,
    "nodeType": "host",
    "props": Object {
      "children": Array [
        "Landing!",
        <div>
          Click Recipes to see a list of recipes
</div>,
        <div>
          Login to add recipes
</div>,
      ],
    },
    "ref": null,
    "rendered": Array [
      "Landing!",
      Object {
        "instance": null,
        "key": undefined,
        "nodeType": "host",
        "props": Object {
          "children": "Click Recipes to see a list of recipes",
        },
        "ref": null,
        "rendered": "Click Recipes to see a list of recipes",
        "type": "div",
      },
      Object {
        "instance": null,
        "key": undefined,
        "nodeType": "host",
        "props": Object {
          "children": "Login to add recipes",
        },
        "ref": null,
        "rendered": "Login to add recipes",
        "type": "div",
      },
    ],
    "type": "div",
  },
  Symbol(enzyme.__nodes__): Array [
    Object {
      "instance": null,
      "key": undefined,
      "nodeType": "host",
      "props": Object {
        "children": Array [
          "Landing!",
          <div>
            Click Recipes to see a list of recipes
</div>,
          <div>
            Login to add recipes
</div>,
        ],
      },
      "ref": null,
      "rendered": Array [
        "Landing!",
        Object {
          "instance": null,
          "key": undefined,
          "nodeType": "host",
          "props": Object {
            "children": "Click Recipes to see a list of recipes",
          },
          "ref": null,
          "rendered": "Click Recipes to see a list of recipes",
          "type": "div",
        },
        Object {
          "instance": null,
          "key": undefined,
          "nodeType": "host",
          "props": Object {
            "children": "Login to add recipes",
          },
          "ref": null,
          "rendered": "Login to add recipes",
          "type": "div",
        },
      ],
      "type": "div",
    },
  ],
  Symbol(enzyme.__options__): Object {
    "adapter": ReactSixteenAdapter {
      "options": Object {
        "enableComponentDidUpdateOnSetState": true,
      },
    },
  },
}
`;
