// Jest Snapshot v1, https://goo.gl/fbAQLP

exports[`should render correctly 1`] = `
ShallowWrapper {
  "length": 1,
  Symbol(enzyme.__root__): [Circular],
  Symbol(enzyme.__unrendered__): <RecipeReview
    formValues={
        Object {
            "category": "test
        another test",
            "cooking": Array [
              Object {
                "body": "saute all ingredients",
                "title": "main",
              },
            ],
            "cookingTime": Array [
              Object {
                "days": "1",
                "hours": "0",
                "minutes": "0",
                "seconds": "0",
              },
            ],
            "ingredients": Array [
              Object {
                "body": "2 eggs
        2 ham
        1 tomato",
                "title": "main",
              },
            ],
            "name": "Test Recipe",
            "notes": "Some notes
        About the test recipe",
            "preparationTime": Array [
              Object {
                "hours": "1",
                "minutes": "1",
                "seconds": "1",
              },
            ],
            "summary": "A test recipe",
          }
    }
    onCancel={[Function]}
/>,
  Symbol(enzyme.__renderer__): Object {
    "batchedUpdates": [Function],
    "getNode": [Function],
    "render": [Function],
    "simulateEvent": [Function],
    "unmount": [Function],
  },
  Symbol(enzyme.__node__): Object {
    "instance": null,
    "key": undefined,
    "nodeType": "host",
    "props": Object {
      "children": Array [
        <h2>
          Review
</h2>,
        <RecipeDetail
          recipe={
                    Object {
                              "category": Array [
                                "test",
                                "another test",
                              ],
                              "cooking": Array [
                                Object {
                                  "body": Array [
                                    "saute all ingredients",
                                  ],
                                  "title": "main",
                                },
                              ],
                              "cookingTime": 86400,
                              "ingredients": Array [
                                Object {
                                  "body": Array [
                                    "2 eggs",
                                    "2 ham",
                                    "1 tomato",
                                  ],
                                  "title": "main",
                                },
                              ],
                              "name": "Test Recipe",
                              "notes": Array [
                                "Some notes",
                                "About the test recipe",
                              ],
                              "preparationTime": 3661,
                              "summary": "A test recipe",
                            }
          }
          review={true}
/>,
        <div>
          <h5>
                    Add an Image
          </h5>
          <input
                    accept="image/*"
                    onChange={[Function]}
                    type="file"
          />
</div>,
        <Button
          as="button"
          color="yellow"
          onClick={[Function]}
          role="button"
>
          Back
</Button>,
        <Button
          as="button"
          disabled={false}
          floated="right"
          icon={true}
          onClick={[Function]}
          positive={true}
          role="button"
>
          Submit Recipe
          <Icon
                    as="i"
                    name="mail"
          />
</Button>,
      ],
    },
    "ref": null,
    "rendered": Array [
      Object {
        "instance": null,
        "key": undefined,
        "nodeType": "host",
        "props": Object {
          "children": "Review",
        },
        "ref": null,
        "rendered": "Review",
        "type": "h2",
      },
      Object {
        "instance": null,
        "key": undefined,
        "nodeType": "class",
        "props": Object {
          "recipe": Object {
            "category": Array [
              "test",
              "another test",
            ],
            "cooking": Array [
              Object {
                "body": Array [
                  "saute all ingredients",
                ],
                "title": "main",
              },
            ],
            "cookingTime": 86400,
            "ingredients": Array [
              Object {
                "body": Array [
                  "2 eggs",
                  "2 ham",
                  "1 tomato",
                ],
                "title": "main",
              },
            ],
            "name": "Test Recipe",
            "notes": Array [
              "Some notes",
              "About the test recipe",
            ],
            "preparationTime": 3661,
            "summary": "A test recipe",
          },
          "review": true,
        },
        "ref": null,
        "rendered": null,
        "type": [Function],
      },
      Object {
        "instance": null,
        "key": undefined,
        "nodeType": "host",
        "props": Object {
          "children": Array [
            <h5>
              Add an Image
</h5>,
            <input
              accept="image/*"
              onChange={[Function]}
              type="file"
/>,
          ],
        },
        "ref": null,
        "rendered": Array [
          Object {
            "instance": null,
            "key": undefined,
            "nodeType": "host",
            "props": Object {
              "children": "Add an Image",
            },
            "ref": null,
            "rendered": "Add an Image",
            "type": "h5",
          },
          Object {
            "instance": null,
            "key": undefined,
            "nodeType": "host",
            "props": Object {
              "accept": "image/*",
              "onChange": [Function],
              "type": "file",
            },
            "ref": null,
            "rendered": null,
            "type": "input",
          },
        ],
        "type": "div",
      },
      Object {
        "instance": null,
        "key": undefined,
        "nodeType": "class",
        "props": Object {
          "as": "button",
          "children": "Back",
          "color": "yellow",
          "onClick": [Function],
          "role": "button",
        },
        "ref": null,
        "rendered": "Back",
        "type": [Function],
      },
      Object {
        "instance": null,
        "key": undefined,
        "nodeType": "class",
        "props": Object {
          "as": "button",
          "children": Array [
            "Submit Recipe",
            <Icon
              as="i"
              name="mail"
/>,
          ],
          "disabled": false,
          "floated": "right",
          "icon": true,
          "onClick": [Function],
          "positive": true,
          "role": "button",
        },
        "ref": null,
        "rendered": Array [
          "Submit Recipe",
          Object {
            "instance": null,
            "key": undefined,
            "nodeType": "class",
            "props": Object {
              "as": "i",
              "name": "mail",
            },
            "ref": null,
            "rendered": null,
            "type": [Function],
          },
        ],
        "type": [Function],
      },
    ],
    "type": "div",
  },
  Symbol(enzyme.__nodes__): Array [
    Object {
      "instance": null,
      "key": undefined,
      "nodeType": "host",
      "props": Object {
        "children": Array [
          <h2>
            Review
</h2>,
          <RecipeDetail
            recipe={
                        Object {
                                    "category": Array [
                                      "test",
                                      "another test",
                                    ],
                                    "cooking": Array [
                                      Object {
                                        "body": Array [
                                          "saute all ingredients",
                                        ],
                                        "title": "main",
                                      },
                                    ],
                                    "cookingTime": 86400,
                                    "ingredients": Array [
                                      Object {
                                        "body": Array [
                                          "2 eggs",
                                          "2 ham",
                                          "1 tomato",
                                        ],
                                        "title": "main",
                                      },
                                    ],
                                    "name": "Test Recipe",
                                    "notes": Array [
                                      "Some notes",
                                      "About the test recipe",
                                    ],
                                    "preparationTime": 3661,
                                    "summary": "A test recipe",
                                  }
            }
            review={true}
/>,
          <div>
            <h5>
                        Add an Image
            </h5>
            <input
                        accept="image/*"
                        onChange={[Function]}
                        type="file"
            />
</div>,
          <Button
            as="button"
            color="yellow"
            onClick={[Function]}
            role="button"
>
            Back
</Button>,
          <Button
            as="button"
            disabled={false}
            floated="right"
            icon={true}
            onClick={[Function]}
            positive={true}
            role="button"
>
            Submit Recipe
            <Icon
                        as="i"
                        name="mail"
            />
</Button>,
        ],
      },
      "ref": null,
      "rendered": Array [
        Object {
          "instance": null,
          "key": undefined,
          "nodeType": "host",
          "props": Object {
            "children": "Review",
          },
          "ref": null,
          "rendered": "Review",
          "type": "h2",
        },
        Object {
          "instance": null,
          "key": undefined,
          "nodeType": "class",
          "props": Object {
            "recipe": Object {
              "category": Array [
                "test",
                "another test",
              ],
              "cooking": Array [
                Object {
                  "body": Array [
                    "saute all ingredients",
                  ],
                  "title": "main",
                },
              ],
              "cookingTime": 86400,
              "ingredients": Array [
                Object {
                  "body": Array [
                    "2 eggs",
                    "2 ham",
                    "1 tomato",
                  ],
                  "title": "main",
                },
              ],
              "name": "Test Recipe",
              "notes": Array [
                "Some notes",
                "About the test recipe",
              ],
              "preparationTime": 3661,
              "summary": "A test recipe",
            },
            "review": true,
          },
          "ref": null,
          "rendered": null,
          "type": [Function],
        },
        Object {
          "instance": null,
          "key": undefined,
          "nodeType": "host",
          "props": Object {
            "children": Array [
              <h5>
                Add an Image
</h5>,
              <input
                accept="image/*"
                onChange={[Function]}
                type="file"
/>,
            ],
          },
          "ref": null,
          "rendered": Array [
            Object {
              "instance": null,
              "key": undefined,
              "nodeType": "host",
              "props": Object {
                "children": "Add an Image",
              },
              "ref": null,
              "rendered": "Add an Image",
              "type": "h5",
            },
            Object {
              "instance": null,
              "key": undefined,
              "nodeType": "host",
              "props": Object {
                "accept": "image/*",
                "onChange": [Function],
                "type": "file",
              },
              "ref": null,
              "rendered": null,
              "type": "input",
            },
          ],
          "type": "div",
        },
        Object {
          "instance": null,
          "key": undefined,
          "nodeType": "class",
          "props": Object {
            "as": "button",
            "children": "Back",
            "color": "yellow",
            "onClick": [Function],
            "role": "button",
          },
          "ref": null,
          "rendered": "Back",
          "type": [Function],
        },
        Object {
          "instance": null,
          "key": undefined,
          "nodeType": "class",
          "props": Object {
            "as": "button",
            "children": Array [
              "Submit Recipe",
              <Icon
                as="i"
                name="mail"
/>,
            ],
            "disabled": false,
            "floated": "right",
            "icon": true,
            "onClick": [Function],
            "positive": true,
            "role": "button",
          },
          "ref": null,
          "rendered": Array [
            "Submit Recipe",
            Object {
              "instance": null,
              "key": undefined,
              "nodeType": "class",
              "props": Object {
                "as": "i",
                "name": "mail",
              },
              "ref": null,
              "rendered": null,
              "type": [Function],
            },
          ],
          "type": [Function],
        },
      ],
      "type": "div",
    },
  ],
  Symbol(enzyme.__options__): Object {
    "adapter": ReactSixteenAdapter {
      "options": Object {
        "enableComponentDidUpdateOnSetState": true,
      },
    },
  },
}
`;
