// Jest Snapshot v1, https://goo.gl/fbAQLP

exports[`should render correctly 1`] = `
ShallowWrapper {
  "length": 1,
  Symbol(enzyme.__root__): [Circular],
  Symbol(enzyme.__unrendered__): <RecipeForm
    onRecipeSubmit={[Function]}
    submitting={false}
    valid={false}
/>,
  Symbol(enzyme.__renderer__): Object {
    "batchedUpdates": [Function],
    "getNode": [Function],
    "render": [Function],
    "simulateEvent": [Function],
    "unmount": [Function],
  },
  Symbol(enzyme.__node__): Object {
    "instance": null,
    "key": undefined,
    "nodeType": "host",
    "props": Object {
      "children": <form
        onSubmit={[Function]}
>
        <Field
                component={[Function]}
                label="Name"
                name="name"
                showAllErrors={false}
                type="text"
        />
        <Field
                component={[Function]}
                label="Summary"
                name="summary"
                showAllErrors={false}
                type="text"
        />
        <Field
                component={[Function]}
                label="Notes Section"
                name="notes"
                showAllErrors={false}
                type="textarea"
        />
        <div
                className="row"
        >
                <div
                        className="col s4"
                >
                        <FieldArray
                                classname="col s4"
                                component={[Function]}
                                label="Cooking Time"
                                name="cookingTime"
                                showAllErrors={false}
                                type="time"
                        />
                </div>
                <div
                        className="col s4"
                >
                        <FieldArray
                                classname="col s4"
                                component={[Function]}
                                label="Preparation Time"
                                name="preparationTime"
                                showAllErrors={false}
                                type="time"
                        />
                </div>
                <div
                        className="col s4"
                >
                        <Field
                                classname="col s4"
                                component={[Function]}
                                label="Categories"
                                name="category"
                                showAllErrors={false}
                                type="textarea"
                        />
                </div>
        </div>
        <div
                style={
                        Object {
                                "marginBottom": "60px",
                              }
                }
        >
                <FieldArray
                        component={[Function]}
                        label="Ingredients"
                        name="ingredients"
                        required={true}
                        showAllErrors={false}
                        sublabel="Ingredients"
                />
        </div>
        <div
                style={
                        Object {
                                "marginBottom": "60px",
                              }
                }
        >
                <FieldArray
                        component={[Function]}
                        label="Preparation"
                        name="preparation"
                        showAllErrors={false}
                        sublabel="Instructions"
                />
        </div>
        <div>
                <FieldArray
                        component={[Function]}
                        label="Cooking"
                        name="cooking"
                        required={true}
                        showAllErrors={false}
                        sublabel="Instructions"
                />
        </div>
        <Link
                className="red btn-flat white-text"
                replace={false}
                to="/dashboard"
        >
                Cancel
        </Link>
        <button
                className="teal btn-flat right white-text"
                disabled={false}
                type="submit"
        >
                Next
                <i
                        className="material-icons right"
                >
                        done
                </i>
        </button>
</form>,
      "className": "row",
    },
    "ref": null,
    "rendered": Object {
      "instance": null,
      "key": undefined,
      "nodeType": "host",
      "props": Object {
        "children": Array [
          <Field
            component={[Function]}
            label="Name"
            name="name"
            showAllErrors={false}
            type="text"
/>,
          <Field
            component={[Function]}
            label="Summary"
            name="summary"
            showAllErrors={false}
            type="text"
/>,
          <Field
            component={[Function]}
            label="Notes Section"
            name="notes"
            showAllErrors={false}
            type="textarea"
/>,
          <div
            className="row"
>
            <div
                        className="col s4"
            >
                        <FieldArray
                                    classname="col s4"
                                    component={[Function]}
                                    label="Cooking Time"
                                    name="cookingTime"
                                    showAllErrors={false}
                                    type="time"
                        />
            </div>
            <div
                        className="col s4"
            >
                        <FieldArray
                                    classname="col s4"
                                    component={[Function]}
                                    label="Preparation Time"
                                    name="preparationTime"
                                    showAllErrors={false}
                                    type="time"
                        />
            </div>
            <div
                        className="col s4"
            >
                        <Field
                                    classname="col s4"
                                    component={[Function]}
                                    label="Categories"
                                    name="category"
                                    showAllErrors={false}
                                    type="textarea"
                        />
            </div>
</div>,
          <div
            style={
                        Object {
                                    "marginBottom": "60px",
                                  }
            }
>
            <FieldArray
                        component={[Function]}
                        label="Ingredients"
                        name="ingredients"
                        required={true}
                        showAllErrors={false}
                        sublabel="Ingredients"
            />
</div>,
          <div
            style={
                        Object {
                                    "marginBottom": "60px",
                                  }
            }
>
            <FieldArray
                        component={[Function]}
                        label="Preparation"
                        name="preparation"
                        showAllErrors={false}
                        sublabel="Instructions"
            />
</div>,
          <div>
            <FieldArray
                        component={[Function]}
                        label="Cooking"
                        name="cooking"
                        required={true}
                        showAllErrors={false}
                        sublabel="Instructions"
            />
</div>,
          <Link
            className="red btn-flat white-text"
            replace={false}
            to="/dashboard"
>
            Cancel
</Link>,
          <button
            className="teal btn-flat right white-text"
            disabled={false}
            type="submit"
>
            Next
            <i
                        className="material-icons right"
            >
                        done
            </i>
</button>,
        ],
        "onSubmit": [Function],
      },
      "ref": null,
      "rendered": Array [
        Object {
          "instance": null,
          "key": undefined,
          "nodeType": "class",
          "props": Object {
            "component": [Function],
            "label": "Name",
            "name": "name",
            "showAllErrors": false,
            "type": "text",
          },
          "ref": null,
          "rendered": null,
          "type": [Function],
        },
        Object {
          "instance": null,
          "key": undefined,
          "nodeType": "class",
          "props": Object {
            "component": [Function],
            "label": "Summary",
            "name": "summary",
            "showAllErrors": false,
            "type": "text",
          },
          "ref": null,
          "rendered": null,
          "type": [Function],
        },
        Object {
          "instance": null,
          "key": undefined,
          "nodeType": "class",
          "props": Object {
            "component": [Function],
            "label": "Notes Section",
            "name": "notes",
            "showAllErrors": false,
            "type": "textarea",
          },
          "ref": null,
          "rendered": null,
          "type": [Function],
        },
        Object {
          "instance": null,
          "key": undefined,
          "nodeType": "host",
          "props": Object {
            "children": Array [
              <div
                className="col s4"
>
                <FieldArray
                                classname="col s4"
                                component={[Function]}
                                label="Cooking Time"
                                name="cookingTime"
                                showAllErrors={false}
                                type="time"
                />
</div>,
              <div
                className="col s4"
>
                <FieldArray
                                classname="col s4"
                                component={[Function]}
                                label="Preparation Time"
                                name="preparationTime"
                                showAllErrors={false}
                                type="time"
                />
</div>,
              <div
                className="col s4"
>
                <Field
                                classname="col s4"
                                component={[Function]}
                                label="Categories"
                                name="category"
                                showAllErrors={false}
                                type="textarea"
                />
</div>,
            ],
            "className": "row",
          },
          "ref": null,
          "rendered": Array [
            Object {
              "instance": null,
              "key": undefined,
              "nodeType": "host",
              "props": Object {
                "children": <FieldArray
                  classname="col s4"
                  component={[Function]}
                  label="Cooking Time"
                  name="cookingTime"
                  showAllErrors={false}
                  type="time"
/>,
                "className": "col s4",
              },
              "ref": null,
              "rendered": Object {
                "instance": null,
                "key": undefined,
                "nodeType": "class",
                "props": Object {
                  "classname": "col s4",
                  "component": [Function],
                  "label": "Cooking Time",
                  "name": "cookingTime",
                  "showAllErrors": false,
                  "type": "time",
                },
                "ref": null,
                "rendered": null,
                "type": [Function],
              },
              "type": "div",
            },
            Object {
              "instance": null,
              "key": undefined,
              "nodeType": "host",
              "props": Object {
                "children": <FieldArray
                  classname="col s4"
                  component={[Function]}
                  label="Preparation Time"
                  name="preparationTime"
                  showAllErrors={false}
                  type="time"
/>,
                "className": "col s4",
              },
              "ref": null,
              "rendered": Object {
                "instance": null,
                "key": undefined,
                "nodeType": "class",
                "props": Object {
                  "classname": "col s4",
                  "component": [Function],
                  "label": "Preparation Time",
                  "name": "preparationTime",
                  "showAllErrors": false,
                  "type": "time",
                },
                "ref": null,
                "rendered": null,
                "type": [Function],
              },
              "type": "div",
            },
            Object {
              "instance": null,
              "key": undefined,
              "nodeType": "host",
              "props": Object {
                "children": <Field
                  classname="col s4"
                  component={[Function]}
                  label="Categories"
                  name="category"
                  showAllErrors={false}
                  type="textarea"
/>,
                "className": "col s4",
              },
              "ref": null,
              "rendered": Object {
                "instance": null,
                "key": undefined,
                "nodeType": "class",
                "props": Object {
                  "classname": "col s4",
                  "component": [Function],
                  "label": "Categories",
                  "name": "category",
                  "showAllErrors": false,
                  "type": "textarea",
                },
                "ref": null,
                "rendered": null,
                "type": [Function],
              },
              "type": "div",
            },
          ],
          "type": "div",
        },
        Object {
          "instance": null,
          "key": undefined,
          "nodeType": "host",
          "props": Object {
            "children": <FieldArray
              component={[Function]}
              label="Ingredients"
              name="ingredients"
              required={true}
              showAllErrors={false}
              sublabel="Ingredients"
/>,
            "style": Object {
              "marginBottom": "60px",
            },
          },
          "ref": null,
          "rendered": Object {
            "instance": null,
            "key": undefined,
            "nodeType": "class",
            "props": Object {
              "component": [Function],
              "label": "Ingredients",
              "name": "ingredients",
              "required": true,
              "showAllErrors": false,
              "sublabel": "Ingredients",
            },
            "ref": null,
            "rendered": null,
            "type": [Function],
          },
          "type": "div",
        },
        Object {
          "instance": null,
          "key": undefined,
          "nodeType": "host",
          "props": Object {
            "children": <FieldArray
              component={[Function]}
              label="Preparation"
              name="preparation"
              showAllErrors={false}
              sublabel="Instructions"
/>,
            "style": Object {
              "marginBottom": "60px",
            },
          },
          "ref": null,
          "rendered": Object {
            "instance": null,
            "key": undefined,
            "nodeType": "class",
            "props": Object {
              "component": [Function],
              "label": "Preparation",
              "name": "preparation",
              "showAllErrors": false,
              "sublabel": "Instructions",
            },
            "ref": null,
            "rendered": null,
            "type": [Function],
          },
          "type": "div",
        },
        Object {
          "instance": null,
          "key": undefined,
          "nodeType": "host",
          "props": Object {
            "children": <FieldArray
              component={[Function]}
              label="Cooking"
              name="cooking"
              required={true}
              showAllErrors={false}
              sublabel="Instructions"
/>,
          },
          "ref": null,
          "rendered": Object {
            "instance": null,
            "key": undefined,
            "nodeType": "class",
            "props": Object {
              "component": [Function],
              "label": "Cooking",
              "name": "cooking",
              "required": true,
              "showAllErrors": false,
              "sublabel": "Instructions",
            },
            "ref": null,
            "rendered": null,
            "type": [Function],
          },
          "type": "div",
        },
        Object {
          "instance": null,
          "key": undefined,
          "nodeType": "class",
          "props": Object {
            "children": "Cancel",
            "className": "red btn-flat white-text",
            "replace": false,
            "to": "/dashboard",
          },
          "ref": null,
          "rendered": "Cancel",
          "type": [Function],
        },
        Object {
          "instance": null,
          "key": undefined,
          "nodeType": "host",
          "props": Object {
            "children": Array [
              "Next",
              <i
                className="material-icons right"
>
                done
</i>,
            ],
            "className": "teal btn-flat right white-text",
            "disabled": false,
            "type": "submit",
          },
          "ref": null,
          "rendered": Array [
            "Next",
            Object {
              "instance": null,
              "key": undefined,
              "nodeType": "host",
              "props": Object {
                "children": "done",
                "className": "material-icons right",
              },
              "ref": null,
              "rendered": "done",
              "type": "i",
            },
          ],
          "type": "button",
        },
      ],
      "type": "form",
    },
    "type": "div",
  },
  Symbol(enzyme.__nodes__): Array [
    Object {
      "instance": null,
      "key": undefined,
      "nodeType": "host",
      "props": Object {
        "children": <form
          onSubmit={[Function]}
>
          <Field
                    component={[Function]}
                    label="Name"
                    name="name"
                    showAllErrors={false}
                    type="text"
          />
          <Field
                    component={[Function]}
                    label="Summary"
                    name="summary"
                    showAllErrors={false}
                    type="text"
          />
          <Field
                    component={[Function]}
                    label="Notes Section"
                    name="notes"
                    showAllErrors={false}
                    type="textarea"
          />
          <div
                    className="row"
          >
                    <div
                              className="col s4"
                    >
                              <FieldArray
                                        classname="col s4"
                                        component={[Function]}
                                        label="Cooking Time"
                                        name="cookingTime"
                                        showAllErrors={false}
                                        type="time"
                              />
                    </div>
                    <div
                              className="col s4"
                    >
                              <FieldArray
                                        classname="col s4"
                                        component={[Function]}
                                        label="Preparation Time"
                                        name="preparationTime"
                                        showAllErrors={false}
                                        type="time"
                              />
                    </div>
                    <div
                              className="col s4"
                    >
                              <Field
                                        classname="col s4"
                                        component={[Function]}
                                        label="Categories"
                                        name="category"
                                        showAllErrors={false}
                                        type="textarea"
                              />
                    </div>
          </div>
          <div
                    style={
                              Object {
                                        "marginBottom": "60px",
                                      }
                    }
          >
                    <FieldArray
                              component={[Function]}
                              label="Ingredients"
                              name="ingredients"
                              required={true}
                              showAllErrors={false}
                              sublabel="Ingredients"
                    />
          </div>
          <div
                    style={
                              Object {
                                        "marginBottom": "60px",
                                      }
                    }
          >
                    <FieldArray
                              component={[Function]}
                              label="Preparation"
                              name="preparation"
                              showAllErrors={false}
                              sublabel="Instructions"
                    />
          </div>
          <div>
                    <FieldArray
                              component={[Function]}
                              label="Cooking"
                              name="cooking"
                              required={true}
                              showAllErrors={false}
                              sublabel="Instructions"
                    />
          </div>
          <Link
                    className="red btn-flat white-text"
                    replace={false}
                    to="/dashboard"
          >
                    Cancel
          </Link>
          <button
                    className="teal btn-flat right white-text"
                    disabled={false}
                    type="submit"
          >
                    Next
                    <i
                              className="material-icons right"
                    >
                              done
                    </i>
          </button>
</form>,
        "className": "row",
      },
      "ref": null,
      "rendered": Object {
        "instance": null,
        "key": undefined,
        "nodeType": "host",
        "props": Object {
          "children": Array [
            <Field
              component={[Function]}
              label="Name"
              name="name"
              showAllErrors={false}
              type="text"
/>,
            <Field
              component={[Function]}
              label="Summary"
              name="summary"
              showAllErrors={false}
              type="text"
/>,
            <Field
              component={[Function]}
              label="Notes Section"
              name="notes"
              showAllErrors={false}
              type="textarea"
/>,
            <div
              className="row"
>
              <div
                            className="col s4"
              >
                            <FieldArray
                                          classname="col s4"
                                          component={[Function]}
                                          label="Cooking Time"
                                          name="cookingTime"
                                          showAllErrors={false}
                                          type="time"
                            />
              </div>
              <div
                            className="col s4"
              >
                            <FieldArray
                                          classname="col s4"
                                          component={[Function]}
                                          label="Preparation Time"
                                          name="preparationTime"
                                          showAllErrors={false}
                                          type="time"
                            />
              </div>
              <div
                            className="col s4"
              >
                            <Field
                                          classname="col s4"
                                          component={[Function]}
                                          label="Categories"
                                          name="category"
                                          showAllErrors={false}
                                          type="textarea"
                            />
              </div>
</div>,
            <div
              style={
                            Object {
                                          "marginBottom": "60px",
                                        }
              }
>
              <FieldArray
                            component={[Function]}
                            label="Ingredients"
                            name="ingredients"
                            required={true}
                            showAllErrors={false}
                            sublabel="Ingredients"
              />
</div>,
            <div
              style={
                            Object {
                                          "marginBottom": "60px",
                                        }
              }
>
              <FieldArray
                            component={[Function]}
                            label="Preparation"
                            name="preparation"
                            showAllErrors={false}
                            sublabel="Instructions"
              />
</div>,
            <div>
              <FieldArray
                            component={[Function]}
                            label="Cooking"
                            name="cooking"
                            required={true}
                            showAllErrors={false}
                            sublabel="Instructions"
              />
</div>,
            <Link
              className="red btn-flat white-text"
              replace={false}
              to="/dashboard"
>
              Cancel
</Link>,
            <button
              className="teal btn-flat right white-text"
              disabled={false}
              type="submit"
>
              Next
              <i
                            className="material-icons right"
              >
                            done
              </i>
</button>,
          ],
          "onSubmit": [Function],
        },
        "ref": null,
        "rendered": Array [
          Object {
            "instance": null,
            "key": undefined,
            "nodeType": "class",
            "props": Object {
              "component": [Function],
              "label": "Name",
              "name": "name",
              "showAllErrors": false,
              "type": "text",
            },
            "ref": null,
            "rendered": null,
            "type": [Function],
          },
          Object {
            "instance": null,
            "key": undefined,
            "nodeType": "class",
            "props": Object {
              "component": [Function],
              "label": "Summary",
              "name": "summary",
              "showAllErrors": false,
              "type": "text",
            },
            "ref": null,
            "rendered": null,
            "type": [Function],
          },
          Object {
            "instance": null,
            "key": undefined,
            "nodeType": "class",
            "props": Object {
              "component": [Function],
              "label": "Notes Section",
              "name": "notes",
              "showAllErrors": false,
              "type": "textarea",
            },
            "ref": null,
            "rendered": null,
            "type": [Function],
          },
          Object {
            "instance": null,
            "key": undefined,
            "nodeType": "host",
            "props": Object {
              "children": Array [
                <div
                  className="col s4"
>
                  <FieldArray
                                    classname="col s4"
                                    component={[Function]}
                                    label="Cooking Time"
                                    name="cookingTime"
                                    showAllErrors={false}
                                    type="time"
                  />
</div>,
                <div
                  className="col s4"
>
                  <FieldArray
                                    classname="col s4"
                                    component={[Function]}
                                    label="Preparation Time"
                                    name="preparationTime"
                                    showAllErrors={false}
                                    type="time"
                  />
</div>,
                <div
                  className="col s4"
>
                  <Field
                                    classname="col s4"
                                    component={[Function]}
                                    label="Categories"
                                    name="category"
                                    showAllErrors={false}
                                    type="textarea"
                  />
</div>,
              ],
              "className": "row",
            },
            "ref": null,
            "rendered": Array [
              Object {
                "instance": null,
                "key": undefined,
                "nodeType": "host",
                "props": Object {
                  "children": <FieldArray
                    classname="col s4"
                    component={[Function]}
                    label="Cooking Time"
                    name="cookingTime"
                    showAllErrors={false}
                    type="time"
/>,
                  "className": "col s4",
                },
                "ref": null,
                "rendered": Object {
                  "instance": null,
                  "key": undefined,
                  "nodeType": "class",
                  "props": Object {
                    "classname": "col s4",
                    "component": [Function],
                    "label": "Cooking Time",
                    "name": "cookingTime",
                    "showAllErrors": false,
                    "type": "time",
                  },
                  "ref": null,
                  "rendered": null,
                  "type": [Function],
                },
                "type": "div",
              },
              Object {
                "instance": null,
                "key": undefined,
                "nodeType": "host",
                "props": Object {
                  "children": <FieldArray
                    classname="col s4"
                    component={[Function]}
                    label="Preparation Time"
                    name="preparationTime"
                    showAllErrors={false}
                    type="time"
/>,
                  "className": "col s4",
                },
                "ref": null,
                "rendered": Object {
                  "instance": null,
                  "key": undefined,
                  "nodeType": "class",
                  "props": Object {
                    "classname": "col s4",
                    "component": [Function],
                    "label": "Preparation Time",
                    "name": "preparationTime",
                    "showAllErrors": false,
                    "type": "time",
                  },
                  "ref": null,
                  "rendered": null,
                  "type": [Function],
                },
                "type": "div",
              },
              Object {
                "instance": null,
                "key": undefined,
                "nodeType": "host",
                "props": Object {
                  "children": <Field
                    classname="col s4"
                    component={[Function]}
                    label="Categories"
                    name="category"
                    showAllErrors={false}
                    type="textarea"
/>,
                  "className": "col s4",
                },
                "ref": null,
                "rendered": Object {
                  "instance": null,
                  "key": undefined,
                  "nodeType": "class",
                  "props": Object {
                    "classname": "col s4",
                    "component": [Function],
                    "label": "Categories",
                    "name": "category",
                    "showAllErrors": false,
                    "type": "textarea",
                  },
                  "ref": null,
                  "rendered": null,
                  "type": [Function],
                },
                "type": "div",
              },
            ],
            "type": "div",
          },
          Object {
            "instance": null,
            "key": undefined,
            "nodeType": "host",
            "props": Object {
              "children": <FieldArray
                component={[Function]}
                label="Ingredients"
                name="ingredients"
                required={true}
                showAllErrors={false}
                sublabel="Ingredients"
/>,
              "style": Object {
                "marginBottom": "60px",
              },
            },
            "ref": null,
            "rendered": Object {
              "instance": null,
              "key": undefined,
              "nodeType": "class",
              "props": Object {
                "component": [Function],
                "label": "Ingredients",
                "name": "ingredients",
                "required": true,
                "showAllErrors": false,
                "sublabel": "Ingredients",
              },
              "ref": null,
              "rendered": null,
              "type": [Function],
            },
            "type": "div",
          },
          Object {
            "instance": null,
            "key": undefined,
            "nodeType": "host",
            "props": Object {
              "children": <FieldArray
                component={[Function]}
                label="Preparation"
                name="preparation"
                showAllErrors={false}
                sublabel="Instructions"
/>,
              "style": Object {
                "marginBottom": "60px",
              },
            },
            "ref": null,
            "rendered": Object {
              "instance": null,
              "key": undefined,
              "nodeType": "class",
              "props": Object {
                "component": [Function],
                "label": "Preparation",
                "name": "preparation",
                "showAllErrors": false,
                "sublabel": "Instructions",
              },
              "ref": null,
              "rendered": null,
              "type": [Function],
            },
            "type": "div",
          },
          Object {
            "instance": null,
            "key": undefined,
            "nodeType": "host",
            "props": Object {
              "children": <FieldArray
                component={[Function]}
                label="Cooking"
                name="cooking"
                required={true}
                showAllErrors={false}
                sublabel="Instructions"
/>,
            },
            "ref": null,
            "rendered": Object {
              "instance": null,
              "key": undefined,
              "nodeType": "class",
              "props": Object {
                "component": [Function],
                "label": "Cooking",
                "name": "cooking",
                "required": true,
                "showAllErrors": false,
                "sublabel": "Instructions",
              },
              "ref": null,
              "rendered": null,
              "type": [Function],
            },
            "type": "div",
          },
          Object {
            "instance": null,
            "key": undefined,
            "nodeType": "class",
            "props": Object {
              "children": "Cancel",
              "className": "red btn-flat white-text",
              "replace": false,
              "to": "/dashboard",
            },
            "ref": null,
            "rendered": "Cancel",
            "type": [Function],
          },
          Object {
            "instance": null,
            "key": undefined,
            "nodeType": "host",
            "props": Object {
              "children": Array [
                "Next",
                <i
                  className="material-icons right"
>
                  done
</i>,
              ],
              "className": "teal btn-flat right white-text",
              "disabled": false,
              "type": "submit",
            },
            "ref": null,
            "rendered": Array [
              "Next",
              Object {
                "instance": null,
                "key": undefined,
                "nodeType": "host",
                "props": Object {
                  "children": "done",
                  "className": "material-icons right",
                },
                "ref": null,
                "rendered": "done",
                "type": "i",
              },
            ],
            "type": "button",
          },
        ],
        "type": "form",
      },
      "type": "div",
    },
  ],
  Symbol(enzyme.__options__): Object {
    "adapter": ReactSixteenAdapter {
      "options": Object {
        "enableComponentDidUpdateOnSetState": true,
      },
    },
  },
}
`;
